<testsuites name="generic-persistence-test"><testsuite name="Conn/Connection Handling" package="Conn/Connection Handling" id="0" time="0.003383000" timestamp="2025-05-22T14:52:02.259733Z" hostname="localhost" tests="3" failures="0" errors="0" skipped="0"><properties/><testcase file="test/ConnSpec.hs" line="59" name="provide the IConnection methods" classname="Conn/Connection Handling" time="0.000148000"/><testcase file="test/ConnSpec.hs" line="47" name="can handle rollback" classname="Conn/Connection Handling" time="0.000233000"/><testcase file="test/ConnSpec.hs" line="37" name="can work with embedded connection" classname="Conn/Connection Handling" time="0.003002000"/></testsuite><testsuite name="Demo/A simple demo" package="Demo/A simple demo" id="1" time="0.004551000" timestamp="2025-05-22T14:52:02.259733Z" hostname="localhost" tests="1" failures="0" errors="0" skipped="0"><properties/><testcase file="test/DemoSpec.hs" line="45" name="demonstrates some basic use cases" classname="Demo/A simple demo" time="0.004551000"/></testsuite><testsuite name="Embedded/Handling of Embedded Objects" package="Embedded/Handling of Embedded Objects" id="2" time="0.000387000" timestamp="2025-05-22T14:52:02.259733Z" hostname="localhost" tests="1" failures="0" errors="0" skipped="0"><properties/><testcase file="test/EmbeddedSpec.hs" line="82" name="works like a charm" classname="Embedded/Handling of Embedded Objects" time="0.000387000"/></testsuite><testsuite name="Enum/Handling of Enum Fields" package="Enum/Handling of Enum Fields" id="3" time="0.000274000" timestamp="2025-05-22T14:52:02.259733Z" hostname="localhost" tests="1" failures="0" errors="0" skipped="0"><properties/><testcase file="test/EnumSpec.hs" line="49" name="works like a charm" classname="Enum/Handling of Enum Fields" time="0.000274000"/></testsuite><testsuite name="Exceptions/Exception Handling" package="Exceptions/Exception Handling" id="4" time="0.001549000" timestamp="2025-05-22T14:52:02.259733Z" hostname="localhost" tests="17" failures="0" errors="0" skipped="0"><properties/><testcase file="test/ExceptionsSpec.hs" line="173" name="handles autoincrement edge cases" classname="Exceptions/Exception Handling" time="0.000052000"/><testcase file="test/ExceptionsSpec.hs" line="170" name="handles duplicate insert exceptions" classname="Exceptions/Exception Handling" time="0.000011000"/><testcase file="test/ExceptionsSpec.hs" line="166" name="reports unknown fields" classname="Exceptions/Exception Handling" time="0.000006000"/><testcase file="test/ExceptionsSpec.hs" line="162" name="throws an exception when column name is not found" classname="Exceptions/Exception Handling" time="0.000010000"/><testcase file="test/ExceptionsSpec.hs" line="158" name="can find column names" classname="Exceptions/Exception Handling" time="0.000003000"/><testcase file="test/ExceptionsSpec.hs" line="144" name="has no leaking backend exceptions" classname="Exceptions/Exception Handling" time="0.000086000"/><testcase file="test/ExceptionsSpec.hs" line="138" name="detects general backend issues" classname="Exceptions/Exception Handling" time="0.000070000"/><testcase file="test/ExceptionsSpec.hs" line="132" name="detects general db issues in deleteById" classname="Exceptions/Exception Handling" time="0.000045000"/><testcase file="test/ExceptionsSpec.hs" line="126" name="detects missing entities in deleteById" classname="Exceptions/Exception Handling" time="0.000129000"/><testcase file="test/ExceptionsSpec.hs" line="120" name="detects missing entities in delete" classname="Exceptions/Exception Handling" time="0.000094000"/><testcase file="test/ExceptionsSpec.hs" line="114" name="detects missing entities in update" classname="Exceptions/Exception Handling" time="0.000093000"/><testcase file="test/ExceptionsSpec.hs" line="105" name="detects bogus data in selectById" classname="Exceptions/Exception Handling" time="0.000136000"/><testcase file="test/ExceptionsSpec.hs" line="95" name="detects non unique entities in selectById" classname="Exceptions/Exception Handling" time="0.000148000"/><testcase file="test/ExceptionsSpec.hs" line="89" name="detects missing entities in selectById" classname="Exceptions/Exception Handling" time="0.000110000"/><testcase file="test/ExceptionsSpec.hs" line="83" name="returns () for successful upsert" classname="Exceptions/Exception Handling" time="0.000129000"/><testcase file="test/ExceptionsSpec.hs" line="76" name="detects duplicate inserts in insertMany" classname="Exceptions/Exception Handling" time="0.000204000"/><testcase file="test/ExceptionsSpec.hs" line="69" name="detects duplicate inserts" classname="Exceptions/Exception Handling" time="0.000223000"/></testsuite><testsuite name="GenericPersistence/GenericPersistence" package="GenericPersistence/GenericPersistence" id="5" time="0.009164000" timestamp="2025-05-22T14:52:02.259733Z" hostname="localhost" tests="32" failures="0" errors="0" skipped="0"><properties/><testcase file="test/GenericPersistenceSpec.hs" line="372" name="provides a Connection Pool" classname="GenericPersistence/GenericPersistence" time="0.000184000"/><testcase file="test/GenericPersistenceSpec.hs" line="364" name="deletes Entities using user implementation" classname="GenericPersistence/GenericPersistence" time="0.000425000"/><testcase file="test/GenericPersistenceSpec.hs" line="356" name="deletes Entities using Generics" classname="GenericPersistence/GenericPersistence" time="0.001055000"/><testcase file="test/GenericPersistenceSpec.hs" line="350" name="updates Entities using user implementation" classname="GenericPersistence/GenericPersistence" time="0.000375000"/><testcase file="test/GenericPersistenceSpec.hs" line="344" name="updates Entities using Generics" classname="GenericPersistence/GenericPersistence" time="0.000313000"/><testcase file="test/GenericPersistenceSpec.hs" line="335" name="inserts Entities using user implementation" classname="GenericPersistence/GenericPersistence" time="0.000285000"/><testcase file="test/GenericPersistenceSpec.hs" line="328" name="deletes multiple entities by a list of ids" classname="GenericPersistence/GenericPersistence" time="0.000250000"/><testcase file="test/GenericPersistenceSpec.hs" line="321" name="signals if deleting by id fails" classname="GenericPersistence/GenericPersistence" time="0.000226000"/><testcase file="test/GenericPersistenceSpec.hs" line="314" name="deletes a single entity by a given id" classname="GenericPersistence/GenericPersistence" time="0.000343000"/><testcase file="test/GenericPersistenceSpec.hs" line="303" name="deletes many Entities re-using a single prepared stmt" classname="GenericPersistence/GenericPersistence" time="0.000292000"/><testcase file="test/GenericPersistenceSpec.hs" line="292" name="updates many Entities re-using a single prepared stmt" classname="GenericPersistence/GenericPersistence" time="0.000350000"/><testcase file="test/GenericPersistenceSpec.hs" line="286" name="inserts many alsodoes autoincrement handling" classname="GenericPersistence/GenericPersistence" time="0.000237000"/><testcase file="test/GenericPersistenceSpec.hs" line="279" name="inserts many Entities re-using a single prepared stmt" classname="GenericPersistence/GenericPersistence" time="0.000248000"/><testcase file="test/GenericPersistenceSpec.hs" line="274" name="inserts Entities with autoincrement handling" classname="GenericPersistence/GenericPersistence" time="0.000253000"/><testcase file="test/GenericPersistenceSpec.hs" line="265" name="inserts Entities using Generics" classname="GenericPersistence/GenericPersistence" time="0.000263000"/><testcase file="test/GenericPersistenceSpec.hs" line="252" name="upserts existing Entities using user implementation" classname="GenericPersistence/GenericPersistence" time="0.000291000"/><testcase file="test/GenericPersistenceSpec.hs" line="242" name="upserts existing Entities using Generics" classname="GenericPersistence/GenericPersistence" time="0.000254000"/><testcase file="test/GenericPersistenceSpec.hs" line="235" name="upsert throws an exception if things go wrong" classname="GenericPersistence/GenericPersistence" time="0.000069000"/><testcase file="test/GenericPersistenceSpec.hs" line="226" name="upserts new Entities using user implementation" classname="GenericPersistence/GenericPersistence" time="0.000327000"/><testcase file="test/GenericPersistenceSpec.hs" line="217" name="persists new Entities using Generics" classname="GenericPersistence/GenericPersistence" time="0.000253000"/><testcase file="test/GenericPersistenceSpec.hs" line="211" name="can handle tables with non-numeric primary keys" classname="GenericPersistence/GenericPersistence" time="0.000244000"/><testcase file="test/GenericPersistenceSpec.hs" line="199" name="can upsert Entities without autoIncrement" classname="GenericPersistence/GenericPersistence" time="0.000293000"/><testcase file="test/GenericPersistenceSpec.hs" line="187" name="can upsert Entities with AutoIncrement" classname="GenericPersistence/GenericPersistence" time="0.000259000"/><testcase file="test/GenericPersistenceSpec.hs" line="174" name="can materialize Entities from user defined SQL queries" classname="GenericPersistence/GenericPersistence" time="0.000260000"/><testcase file="test/GenericPersistenceSpec.hs" line="167" name="select throws a DatabaseError if things go wrong" classname="GenericPersistence/GenericPersistence" time="0.000068000"/><testcase file="test/GenericPersistenceSpec.hs" line="163" name="select returns Nothing if no Entity was found" classname="GenericPersistence/GenericPersistence" time="0.000240000"/><testcase file="test/GenericPersistenceSpec.hs" line="152" name="retrieves Entities using user implementation" classname="GenericPersistence/GenericPersistence" time="0.000328000"/><testcase file="test/GenericPersistenceSpec.hs" line="145" name="selectById throws a DatabaseError if things go wrong in the DB" classname="GenericPersistence/GenericPersistence" time="0.000059000"/><testcase file="test/GenericPersistenceSpec.hs" line="141" name="selectById returns Nothing if no Entity was found" classname="GenericPersistence/GenericPersistence" time="0.000341000"/><testcase file="test/GenericPersistenceSpec.hs" line="135" name="signals if counting fails" classname="GenericPersistence/GenericPersistence" time="0.000057000"/><testcase file="test/GenericPersistenceSpec.hs" line="130" name="retrieves the number of selected Entities" classname="GenericPersistence/GenericPersistence" time="0.000298000"/><testcase file="test/GenericPersistenceSpec.hs" line="119" name="retrieves Entities using Generics" classname="GenericPersistence/GenericPersistence" time="0.000424000"/></testsuite><testsuite name="OneToMany/Handling of 1:N References" package="OneToMany/Handling of 1:N References" id="6" time="0.000349000" timestamp="2025-05-22T14:52:02.259733Z" hostname="localhost" tests="1" failures="0" errors="0" skipped="0"><properties/><testcase file="test/OneToManySpec.hs" line="113" name="works like a charm" classname="OneToMany/Handling of 1:N References" time="0.000349000"/></testsuite><testsuite name="OneToManySafe/Handling of 1:N References" package="OneToManySafe/Handling of 1:N References" id="7" time="0.001542000" timestamp="2025-05-22T14:52:02.259733Z" hostname="localhost" tests="7" failures="0" errors="0" skipped="0"><properties/><testcase file="test/OneToManySafeSpec.hs" line="168" name="deleteMany works with references" classname="OneToManySafe/Handling of 1:N References" time="0.000188000"/><testcase file="test/OneToManySafeSpec.hs" line="160" name="updateMany works with references" classname="OneToManySafe/Handling of 1:N References" time="0.000232000"/><testcase file="test/OneToManySafeSpec.hs" line="153" name="update works with references" classname="OneToManySafe/Handling of 1:N References" time="0.000257000"/><testcase file="test/OneToManySafeSpec.hs" line="146" name="insertMany works with references" classname="OneToManySafe/Handling of 1:N References" time="0.000198000"/><testcase file="test/OneToManySafeSpec.hs" line="140" name="delete handles exceptions" classname="OneToManySafe/Handling of 1:N References" time="0.000060000"/><testcase file="test/OneToManySafeSpec.hs" line="135" name="delete returns unit in case of success" classname="OneToManySafe/Handling of 1:N References" time="0.000222000"/><testcase file="test/OneToManySafeSpec.hs" line="113" name="works like a charm" classname="OneToManySafe/Handling of 1:N References" time="0.000385000"/></testsuite><testsuite name="Postgres/GenericPersistence for PostgreSQL" package="Postgres/GenericPersistence for PostgreSQL" id="8" time="0.636477000" timestamp="2025-05-22T14:52:02.259733Z" hostname="localhost" tests="25" failures="0" errors="0" skipped="0"><properties/><testcase file="test/PostgresSpec.hs" line="367" name="provides a Connection Pool" classname="Postgres/GenericPersistence for PostgreSQL" time="0.013194000"/><testcase file="test/PostgresSpec.hs" line="358" name="deletes Entities using user implementation" classname="Postgres/GenericPersistence for PostgreSQL" time="0.022531000"/><testcase file="test/PostgresSpec.hs" line="349" name="deletes Entities using Generics" classname="Postgres/GenericPersistence for PostgreSQL" time="0.022131000"/><testcase file="test/PostgresSpec.hs" line="341" name="updates Entities using user implementation" classname="Postgres/GenericPersistence for PostgreSQL" time="0.023104000"/><testcase file="test/PostgresSpec.hs" line="333" name="updates Entities using Generics" classname="Postgres/GenericPersistence for PostgreSQL" time="0.022251000"/><testcase file="test/PostgresSpec.hs" line="322" name="inserts Entities using user implementation" classname="Postgres/GenericPersistence for PostgreSQL" time="0.024906000"/><testcase file="test/PostgresSpec.hs" line="309" name="deletes many Entities re-using a single prepared stmt" classname="Postgres/GenericPersistence for PostgreSQL" time="0.029204000"/><testcase file="test/PostgresSpec.hs" line="295" name="updates many Entities re-using a single prepared stmt" classname="Postgres/GenericPersistence for PostgreSQL" time="0.027824000"/><testcase file="test/PostgresSpec.hs" line="286" name="inserts many Entities re-using a single prepared stmt" classname="Postgres/GenericPersistence for PostgreSQL" time="0.026012000"/><testcase file="test/PostgresSpec.hs" line="280" name="inserts Entities with autoincrement handling" classname="Postgres/GenericPersistence for PostgreSQL" time="0.029037000"/><testcase file="test/PostgresSpec.hs" line="269" name="inserts Entities using Generics" classname="Postgres/GenericPersistence for PostgreSQL" time="0.025329000"/><testcase file="test/PostgresSpec.hs" line="262" name="can handle tables with non-numeric primary keys" classname="Postgres/GenericPersistence for PostgreSQL" time="0.024974000"/><testcase file="test/PostgresSpec.hs" line="249" name="can upsert Entities without autoIncrement" classname="Postgres/GenericPersistence for PostgreSQL" time="0.027303000"/><testcase file="test/PostgresSpec.hs" line="235" name="can upsert Entities with AutoIncrement" classname="Postgres/GenericPersistence for PostgreSQL" time="0.026941000"/><testcase file="test/PostgresSpec.hs" line="220" name="upserts existing Entities using user implementation" classname="Postgres/GenericPersistence for PostgreSQL" time="0.027963000"/><testcase file="test/PostgresSpec.hs" line="207" name="upserts existing Entities using Generics" classname="Postgres/GenericPersistence for PostgreSQL" time="0.026307000"/><testcase file="test/PostgresSpec.hs" line="198" name="upsert throws an exception if things go wrong" classname="Postgres/GenericPersistence for PostgreSQL" time="0.025099000"/><testcase file="test/PostgresSpec.hs" line="187" name="upserts new Entities using user implementation" classname="Postgres/GenericPersistence for PostgreSQL" time="0.025918000"/><testcase file="test/PostgresSpec.hs" line="176" name="upserts new Entities using Generics" classname="Postgres/GenericPersistence for PostgreSQL" time="0.025524000"/><testcase file="test/PostgresSpec.hs" line="166" name="select throws a DatabaseError if things go wrong" classname="Postgres/GenericPersistence for PostgreSQL" time="0.025115000"/><testcase file="test/PostgresSpec.hs" line="161" name="select returns Nothing if no Entity was found" classname="Postgres/GenericPersistence for PostgreSQL" time="0.025537000"/><testcase file="test/PostgresSpec.hs" line="148" name="retrieves Entities using user implementation" classname="Postgres/GenericPersistence for PostgreSQL" time="0.025975000"/><testcase file="test/PostgresSpec.hs" line="138" name="selectById throws a DatabaseError if things go wrong in the DB" classname="Postgres/GenericPersistence for PostgreSQL" time="0.024913000"/><testcase file="test/PostgresSpec.hs" line="133" name="selectById returns Nothing if no Entity was found" classname="Postgres/GenericPersistence for PostgreSQL" time="0.023692000"/><testcase file="test/PostgresSpec.hs" line="117" name="retrieves Entities using Generics" classname="Postgres/GenericPersistence for PostgreSQL" time="0.035693000"/></testsuite><testsuite name="PostgresQuery/The Query DSL against Postgres" package="PostgresQuery/The Query DSL against Postgres" id="9" time="0.208523000" timestamp="2025-05-22T14:52:02.259733Z" hostname="localhost" tests="18" failures="0" errors="0" skipped="0"><properties/><testcase file="test/PostgresQuerySpec.hs" line="170" name="can create whereclauses" classname="PostgresQuery/The Query DSL against Postgres" time="0.000003000"/><testcase file="test/PostgresQuerySpec.hs" line="163" name="can create column types for a Postgres" classname="PostgresQuery/The Query DSL against Postgres" time="0.000012000"/><testcase file="test/PostgresQuerySpec.hs" line="156" name="can create column types for a SqlLite" classname="PostgresQuery/The Query DSL against Postgres" time="0.000030000"/><testcase file="test/PostgresQuerySpec.hs" line="149" name="supports LIMIT OFFSET" classname="PostgresQuery/The Query DSL against Postgres" time="0.015876000"/><testcase file="test/PostgresQuerySpec.hs" line="143" name="supports LIMIT" classname="PostgresQuery/The Query DSL against Postgres" time="0.013691000"/><testcase file="test/PostgresQuerySpec.hs" line="136" name="supports multiple columns in ORDER BY" classname="PostgresQuery/The Query DSL against Postgres" time="0.013270000"/><testcase file="test/PostgresQuerySpec.hs" line="130" name="supports ORDER BY" classname="PostgresQuery/The Query DSL against Postgres" time="0.016429000"/><testcase file="test/PostgresQuerySpec.hs" line="124" name="supports selection by id" classname="PostgresQuery/The Query DSL against Postgres" time="0.013561000"/><testcase file="test/PostgresQuerySpec.hs" line="119" name="supports SQL functions on columns" classname="PostgresQuery/The Query DSL against Postgres" time="0.013498000"/><testcase file="test/PostgresQuerySpec.hs" line="114" name="supports IS NOT NULL" classname="PostgresQuery/The Query DSL against Postgres" time="0.013058000"/><testcase file="test/PostgresQuerySpec.hs" line="109" name="supports IS NULL" classname="PostgresQuery/The Query DSL against Postgres" time="0.012779000"/><testcase file="test/PostgresQuerySpec.hs" line="103" name="supports IN" classname="PostgresQuery/The Query DSL against Postgres" time="0.012974000"/><testcase file="test/PostgresQuerySpec.hs" line="97" name="supports BETWEEN" classname="PostgresQuery/The Query DSL against Postgres" time="0.012879000"/><testcase file="test/PostgresQuerySpec.hs" line="83" name="supports fieldwise comparisons like >" classname="PostgresQuery/The Query DSL against Postgres" time="0.014110000"/><testcase file="test/PostgresQuerySpec.hs" line="78" name="supports NOT" classname="PostgresQuery/The Query DSL against Postgres" time="0.013196000"/><testcase file="test/PostgresQuerySpec.hs" line="73" name="supports LIKE" classname="PostgresQuery/The Query DSL against Postgres" time="0.016230000"/><testcase file="test/PostgresQuerySpec.hs" line="67" name="supports disjunction with ||." classname="PostgresQuery/The Query DSL against Postgres" time="0.014015000"/><testcase file="test/PostgresQuerySpec.hs" line="60" name="supports conjunction with &amp;&amp;." classname="PostgresQuery/The Query DSL against Postgres" time="0.012912000"/></testsuite><testsuite name="Query/The Query DSL against SQLite" package="Query/The Query DSL against SQLite" id="10" time="0.003440000" timestamp="2025-05-22T14:52:02.259733Z" hostname="localhost" tests="19" failures="0" errors="0" skipped="0"><properties/><testcase file="test/QuerySpec.hs" line="155" name="allows to write custom SQL queries" classname="Query/The Query DSL against SQLite" time="0.000172000"/><testcase file="test/QuerySpec.hs" line="153" name="can create whereclauses" classname="Query/The Query DSL against SQLite" time="0.000003000"/><testcase file="test/QuerySpec.hs" line="146" name="can create column types for a Postgres" classname="Query/The Query DSL against SQLite" time="0.000012000"/><testcase file="test/QuerySpec.hs" line="139" name="can create column types for a SqlLite" classname="Query/The Query DSL against SQLite" time="0.000028000"/><testcase file="test/QuerySpec.hs" line="133" name="supports LIMIT OFFSET" classname="Query/The Query DSL against SQLite" time="0.000212000"/><testcase file="test/QuerySpec.hs" line="128" name="supports LIMIT" classname="Query/The Query DSL against SQLite" time="0.000828000"/><testcase file="test/QuerySpec.hs" line="122" name="supports multiple columns in ORDER BY" classname="Query/The Query DSL against SQLite" time="0.000254000"/><testcase file="test/QuerySpec.hs" line="117" name="supports ORDER BY" classname="Query/The Query DSL against SQLite" time="0.000134000"/><testcase file="test/QuerySpec.hs" line="112" name="supports selection by id" classname="Query/The Query DSL against SQLite" time="0.000125000"/><testcase file="test/QuerySpec.hs" line="108" name="supports SQL functions on columns" classname="Query/The Query DSL against SQLite" time="0.000129000"/><testcase file="test/QuerySpec.hs" line="104" name="supports IS NOT NULL" classname="Query/The Query DSL against SQLite" time="0.000128000"/><testcase file="test/QuerySpec.hs" line="100" name="supports IS NULL" classname="Query/The Query DSL against SQLite" time="0.000151000"/><testcase file="test/QuerySpec.hs" line="95" name="supports IN" classname="Query/The Query DSL against SQLite" time="0.000115000"/><testcase file="test/QuerySpec.hs" line="90" name="supports BETWEEN" classname="Query/The Query DSL against SQLite" time="0.000131000"/><testcase file="test/QuerySpec.hs" line="77" name="supports fieldwise comparisons like >" classname="Query/The Query DSL against SQLite" time="0.000342000"/><testcase file="test/QuerySpec.hs" line="73" name="supports NOT" classname="Query/The Query DSL against SQLite" time="0.000115000"/><testcase file="test/QuerySpec.hs" line="69" name="supports LIKE" classname="Query/The Query DSL against SQLite" time="0.000146000"/><testcase file="test/QuerySpec.hs" line="64" name="supports disjunction with ||." classname="Query/The Query DSL against SQLite" time="0.000155000"/><testcase file="test/QuerySpec.hs" line="59" name="supports conjunction with &amp;&amp;." classname="Query/The Query DSL against SQLite" time="0.000260000"/></testsuite><testsuite name="Reference/Handling of 1:1 References" package="Reference/Handling of 1:1 References" id="11" time="0.000281000" timestamp="2025-05-22T14:52:02.259733Z" hostname="localhost" tests="1" failures="0" errors="0" skipped="0"><properties/><testcase file="test/ReferenceSpec.hs" line="103" name="works like a charm" classname="Reference/Handling of 1:1 References" time="0.000281000"/></testsuite><testsuite name="SelfReference/Handling of 1:1 References on same table" package="SelfReference/Handling of 1:1 References on same table" id="12" time="0.000301000" timestamp="2025-05-22T14:52:02.259733Z" hostname="localhost" tests="1" failures="0" errors="0" skipped="0"><properties/><testcase file="test/SelfReferenceSpec.hs" line="123" name="works like a charm" classname="SelfReference/Handling of 1:1 References on same table" time="0.000301000"/></testsuite></testsuites>